Microsoft Windows [Version 10.0.22000.675]
(c) Microsoft Corporation. Wszelkie prawa zastrzeżone.

C:\Users\Huawei\Documents\mojePierwszeRepo>git commit -a - message "nazwa"
fatal: paths '- ...' with -a does not make sense

C:\Users\Huawei\Documents\mojePierwszeRepo>git commit -a -message "nazwa"
fatal: paths 'nazwa ...' with -a does not make sense

C:\Users\Huawei\Documents\mojePierwszeRepo>git commit -a
hint: Waiting for your editor to close the file... error: There was a problem with the editor 'vi'.
Please supply the message using either -m or -F option.

C:\Users\Huawei\Documents\mojePierwszeRepo>git commit -a -m abc
[main 7793895] abc
 1 file changed, 0 insertions(+), 0 deletions(-)
 create mode 100644 pierwszyPlik.txt

C:\Users\Huawei\Documents\mojePierwszeRepo>git push
info: please complete authentication in your browser...
Enumerating objects: 4, done.
Counting objects: 100% (4/4), done.
Delta compression using up to 8 threads
Compressing objects: 100% (2/2), done.
Writing objects: 100% (3/3), 275 bytes | 275.00 KiB/s, done.
Total 3 (delta 0), reused 0 (delta 0), pack-reused 0
To https://github.com/pielakm/mojePierwszeRepo
   18ae756..7793895  main -> main

C:\Users\Huawei\Documents\mojePierwszeRepo>git add -a
error: unknown switch `a'
usage: git add [<options>] [--] <pathspec>...

    -n, --dry-run         dry run
    -v, --verbose         be verbose

    -i, --interactive     interactive picking
    -p, --patch           select hunks interactively
    -e, --edit            edit current diff and apply
    -f, --force           allow adding otherwise ignored files
    -u, --update          update tracked files
    --renormalize         renormalize EOL of tracked files (implies -u)
    -N, --intent-to-add   record only the fact that the path will be added later
    -A, --all             add changes from all tracked and untracked files
    --ignore-removal      ignore paths removed in the working tree (same as --no-all)
    --refresh             don't add, only refresh the index
    --ignore-errors       just skip files which cannot be added because of errors
    --ignore-missing      check if - even missing - files are ignored in dry run
    --sparse              allow updating entries outside of the sparse-checkout cone
    --chmod (+|-)x        override the executable bit of the listed files
    --pathspec-from-file <file>
                          read pathspec from file
    --pathspec-file-nul   with --pathspec-from-file, pathspec elements are separated with NUL character


C:\Users\Huawei\Documents\mojePierwszeRepo>git add -A

C:\Users\Huawei\Documents\mojePierwszeRepo>git commit -a -m "moja wiadomosc"
[main 15f7246] moja wiadomosc
 1 file changed, 0 insertions(+), 0 deletions(-)
 create mode 100644 hej.txt

C:\Users\Huawei\Documents\mojePierwszeRepo>git push
Enumerating objects: 3, done.
Counting objects: 100% (3/3), done.
Delta compression using up to 8 threads
Compressing objects: 100% (2/2), done.
Writing objects: 100% (2/2), 281 bytes | 281.00 KiB/s, done.
Total 2 (delta 0), reused 0 (delta 0), pack-reused 0
To https://github.com/pielakm/mojePierwszeRepo
   7793895..15f7246  main -> main

C:\Users\Huawei\Documents\mojePierwszeRepo>touch lolo.txt
'touch' is not recognized as an internal or external command,
operable program or batch file.

C:\Users\Huawei\Documents\mojePierwszeRepo>git add -A

C:\Users\Huawei\Documents\mojePierwszeRepo>git commit -a -m "pisze co chce"
[main 30cd4ad] pisze co chce
 1 file changed, 1 insertion(+)

C:\Users\Huawei\Documents\mojePierwszeRepo>git add -A

C:\Users\Huawei\Documents\mojePierwszeRepo>git commit -a -m "hej jak sie masz?"
[main 9fbb268] hej jak sie masz?
 1 file changed, 1 insertion(+)

C:\Users\Huawei\Documents\mojePierwszeRepo>git push
Enumerating objects: 9, done.
Counting objects: 100% (8/8), done.
Delta compression using up to 8 threads
Compressing objects: 100% (4/4), done.
Writing objects: 100% (6/6), 555 bytes | 277.00 KiB/s, done.
Total 6 (delta 1), reused 0 (delta 0), pack-reused 0
remote: Resolving deltas: 100% (1/1), done.
To https://github.com/pielakm/mojePierwszeRepo
   15f7246..9fbb268  main -> main

C:\Users\Huawei\Documents\mojePierwszeRepo>git pull
remote: Enumerating objects: 5, done.
remote: Counting objects: 100% (5/5), done.
remote: Compressing objects: 100% (2/2), done.
remote: Total 3 (delta 0), reused 0 (delta 0), pack-reused 0
Unpacking objects: 100% (3/3), 720 bytes | 60.00 KiB/s, done.
From https://github.com/pielakm/mojePierwszeRepo
   9fbb268..6e36a62  main       -> origin/main
Updating 9fbb268..6e36a62
Fast-forward
 hej.txt | 1 +
 1 file changed, 1 insertion(+)

C:\Users\Huawei\Documents\mojePierwszeRepo>git add -A

C:\Users\Huawei\Documents\mojePierwszeRepo>git commit -a -m "chch"
[main 19fed49] chch
 1 file changed, 0 insertions(+), 0 deletions(-)
 create mode 100644 215da297a283dd3750ddebf7350b959d.jpg

C:\Users\Huawei\Documents\mojePierwszeRepo>git push
Enumerating objects: 4, done.
Counting objects: 100% (4/4), done.
Delta compression using up to 8 threads
Compressing objects: 100% (3/3), done.
Writing objects: 100% (3/3), 45.58 KiB | 15.19 MiB/s, done.
Total 3 (delta 0), reused 0 (delta 0), pack-reused 0
To https://github.com/pielakm/mojePierwszeRepo
   6e36a62..19fed49  main -> main

C:\Users\Huawei\Documents\mojePierwszeRepo>

